192.168.1.4 露光8" ISO1250/1600交互 待ち4.0s  a/b各200コマ×2セット=計800コマ(約176分)
  a=1つ前のサムネイル取得 / b=ライブビュー取得（他の条件は同一）
--- セット1 モードa 開始 15:08:41 (通算0コマ / サムネ取得0回)
    25[1a] 15:14:02 cyc=  9024 post=200/154 通知=943(3回) 取得=36/3329B サムネ24 
    50[1a] 15:19:27 cyc=  8977 post=200/115 通知=898(3回) 取得=36/2960B サムネ49 
    75[1a] 15:24:53 cyc=  9049 post=200/154 通知=960(3回) 取得=47/3325B サムネ74 
   100[1a] 15:30:18 cyc=  9014 post=200/136 通知=932(3回) 取得=37/3022B サムネ99 
   125[1a] 15:35:43 cyc=  9013 post=200/137 通知=933(3回) 取得=38/3072B サムネ124 
   150[1a] 15:41:09 cyc=  8988 post=200/126 通知=908(3回) 取得=36/3007B サムネ149 
   175[1a] 15:46:34 cyc=  8994 post=200/119 通知=915(3回) 取得=38/3167B サムネ174 
   200[1a] 15:51:59 cyc=  8978 post=200/107 通知=895(3回) 取得=39/3043B サムネ199 
    ** 接続を張り直した http=200 53ms (通算再接続1回)
--- セット1 モードb 開始 15:52:05 (通算200コマ / サムネ取得199回)
   225[1b] 15:57:26 cyc=  9021 post=200/155 通知=936(3回) 取得=48/84131B サムネ199 
   250[1b] 16:02:52 cyc=  8985 post=200/108 通知=905(3回) 取得=45/84059B サムネ199 
   275[1b] 16:08:17 cyc=  9041 post=200/135 通知=956(3回) 取得=52/83764B サムネ199 
   300[1b] 16:13:42 cyc=  9001 post=200/134 通知=920(3回) 取得=46/83614B サムネ199 
   325[1b] 16:19:08 cyc=  9082 post=200/157 通知=998(3回) 取得=55/95363B サムネ199 
   350[1b] 16:24:34 cyc=  9008 post=200/138 通知=928(3回) 取得=43/83472B サムネ199 
   375[1b] 16:30:06 cyc=  9000 post=200/116 通知=911(3回) 取得=53/84096B サムネ199 
   400[1b] 16:35:31 cyc=  9010 post=200/138 通知=923(3回) 取得=46/83778B サムネ199 
    ** 接続を張り直した http=200 32ms (通算再接続2回)
--- セット2 モードa 開始 16:35:37 (通算400コマ / サムネ取得199回)
   425[2a] 16:40:58 cyc=  9022 post=200/139 通知=934(3回) 取得=51/2976B サムネ224 
   440[2a] 16:44:55 cyc= 50461 post=200/142 通知=42461(4回) 取得=0/0B サムネ238 通知なし
  !! 通知なし コマ440(セット2 モードa サムネ取得238回目) 16:44:55 のため終了（これ以上シャッターを投げない）

終了: 通算440コマ / サムネイル取得238回 → 50_tools/camera/soak_out/R10_ab800rst.csv
停止: 通知なし コマ440(セット2 モードa サムネ取得238回目) 16:44:55
