192.168.1.4 露光8" ISO1250/1600交互 待ち4.0s  a/b各110コマ×3セット=計660コマ(約145分)
  a=1つ前のサムネイル取得 / b=ライブビュー取得（他の条件は同一）
--- セット1 モードa 開始 13:16:55 (通算0コマ / サムネ取得0回)
    25[1a] 13:22:16 cyc=  9027 post=200/141 通知=946(3回) 取得=45/3324B サムネ24 
    50[1a] 13:27:41 cyc=  9016 post=200/116 通知=935(3回) 取得=45/3151B サムネ49 
    75[1a] 13:33:07 cyc=  9035 post=200/129 通知=951(4回) 取得=48/3376B サムネ74 
   100[1a] 13:38:32 cyc=  9008 post=200/130 通知=933(3回) 取得=38/3584B サムネ99 
--- セット1 モードb 開始 13:40:46 (通算110コマ / サムネ取得109回)
   125[1b] 13:43:57 cyc=  9013 post=200/112 通知=934(3回) 取得=44/90075B サムネ109 
   150[1b] 13:49:23 cyc=  9001 post=200/122 通知=921(3回) 取得=43/90478B サムネ109 
   175[1b] 13:54:48 cyc=  8991 post=200/100 通知=912(4回) 取得=44/91588B サムネ109 
   200[1b] 14:00:13 cyc=  9104 post=200/117 通知=942(3回) 取得=131/90638B サムネ109 
--- セット2 モードa 開始 14:04:38 (通算220コマ / サムネ取得109回)
   225[2a] 14:05:39 cyc=  9035 post=200/146 通知=951(3回) 取得=48/3552B サムネ114 
   250[2a] 14:11:04 cyc=  8976 post=200/107 通知=903(3回) 取得=33/3116B サムネ139 
   275[2a] 14:16:29 cyc=  9046 post=200/154 通知=966(3回) 取得=45/2998B サムネ164 
   300[2a] 14:21:55 cyc=  9017 post=200/135 通知=939(4回) 取得=35/2915B サムネ189 
   325[2a] 14:27:20 cyc=  9050 post=200/125 通知=971(3回) 取得=42/3567B サムネ214 
--- セット2 モードb 開始 14:28:29 (通算330コマ / サムネ取得219回)
   350[2b] 14:32:46 cyc=  9144 post=200/180 通知=1065(3回) 取得=46/100065B サムネ219 
   375[2b] 14:38:13 cyc=  9129 post=200/159 通知=1044(3回) 取得=53/99337B サムネ219 
   400[2b] 14:43:41 cyc=  9048 post=200/132 通知=967(3回) 取得=48/88338B サムネ219 
   425[2b] 14:49:07 cyc=  9017 post=200/126 通知=934(3回) 取得=48/86883B サムネ219 
--- セット3 モードa 開始 14:52:26 (通算440コマ / サムネ取得219回)
   450[3a] 14:54:33 cyc=  9023 post=200/127 通知=944(3回) 取得=41/3496B サムネ229 
   458[3a] 14:56:58 cyc= 50465 post=200/103 通知=42465(4回) 取得=0/0B サムネ236 通知なし
  !! 通知なし コマ458(セット3 モードa サムネ取得236回目) 14:56:58 のため終了（これ以上シャッターを投げない）

終了: 通算458コマ / サムネイル取得236回 → 50_tools/camera/soak_out/R10_ab660.csv
停止: 通知なし コマ458(セット3 モードa サムネ取得236回目) 14:56:58
