# Canon EOS R100 serial=321032000574 ip=192.168.1.4
# dir=http://192.168.1.4:8080/ccapi/ver130/contents/sd/100CANON
# 周期15.0s 待ち3.0s サムネあり 240.0分  → Z:\projects\cameraControl\projects\HolyGrailController\HolyGrailController\50_tools\camera\soak_R100_oldR10card_192.168.1.4.csv
# n  時刻      shut  wait   polls list  thumb  size    note
    1 20:35:37    74     19    1    24     14    7218  
   21 20:40:38    97    111    1   289     39    7191  
   41 20:45:38   191     10    1   374     45    7198  
   61 20:50:38    78     10    1   346     34    7171  
   81 20:55:38    90     12    1   889     32    7189  
  101 21:00:37   100     15    1    18     20    7184  
  121 21:05:38    93     19    1   266     34     970  
  141 21:10:38   117     48    1   415     37     970  
  161 21:15:38   112    100    1   512     54     970  
  181 21:20:38    89     98    1   854     47     970  
  201 21:25:38    90     80    1    34     40     970  
  221 21:30:38    91     68    1   311     21     970  
  241 21:35:38    79     63    1   395     63     970  
  261 21:40:38    87     32    1   543     29     970  
  281 21:45:38   102     17    1   793     35     970  
  301 21:50:38   104     28    1    41     35     970  
  321 21:55:38    88     22    1   310     44     970  
  341 22:00:38    83     25    1   439     44     970  
  361 22:05:38   100     25    1   466     47     970  
  381 22:10:39   197     70    1   903     51     970  
  401 22:15:38   114     23    1    32     24     970  
  421 22:20:38    96     81    1   296     40     970  
  441 22:25:38   106     22    1   396     52     999  
  461 22:30:38    92     87    1   587     40     970  
  481 22:35:39   103     30    1   915     33     970  
  501 22:40:38    89     99    1    32     43     970  
  521 22:45:38    83     42    1   316     50     970  
  541 22:50:38    97     89    1   464     39     970  
  561 22:55:38    88     39    1   579     63     970  
  581 23:00:39   100     26    1   929     37     970  
  601 23:05:38    97     30    1    39     27     970  
  621 23:10:38   100     28    1   328     57     970  
  641 23:15:38    90     28    1   462     48     970  
  661 23:20:38    88     22    1   562     36     970  
  681 23:25:39   103     66    1   964     54     970  
  701 23:30:38    84     11    1    21     30     970  
  721 23:35:38   107     75    1   328     41     971  
  741 23:40:38   102     25    1   440     55     970  
  761 23:45:38    91     75    1   612     48     970  
  781 23:50:39   178     29    1  1002     37    1006  
  801 23:55:38    79     23    1    23     17    7151  
  821 00:00:38    74     28    1   303     32    7172  
  841 00:05:38   123     31    1   441     48    7173  
  861 00:10:39   116     10    1   703     26    7146  
  881 00:15:39    88     12    1  1061     52    7152  
  901 00:20:38   118     41    1    66     42    7141  
  921 00:25:38    85     12    1   332     33     970  
  941 00:30:38   106     73    1   497     43     970  

===== 集計  Canon EOS R100 192.168.1.4 =====
  960コマ / 240.0分   正常 960
  シャッター503 0 / 応答なし 0
  記録待ち時間切れ 0 / サムネ失敗 0
  終了時のカメラ: port8080=OPEN(4ms) port49152=OPEN(4ms)
  CSV: Z:\projects\cameraControl\projects\HolyGrailController\HolyGrailController\50_tools\camera\soak_R100_oldR10card_192.168.1.4.csv
