# Canon EOS R10 192.168.1.3
# 対象: http://192.168.1.3:8080/ccapi/ver130/contents/card1/100CANON/IMG_0001.CR3
# 1000回 / 15.0秒周期  (撮影も露出設定もしない。読み出しだけ)
# → Z:\projects\cameraControl\projects\HolyGrailController\HolyGrailController\50_tools\camera\thumbonly_R10_192.168.1.3.csv
# n  時刻      ms     bytes   note
    1 04:47:42     72   12713  
   51 05:00:13    687   12713  
  101 05:12:44   1642   12713  
  151 05:25:13    560   12713  
  201 05:37:44   1433   12713  
  251 05:50:13    345   12713  
  301 06:02:43    180   12713  
!! 06:12:42 初回の異常 n=340 HTTP=-1 応答なし  port8080=TimeoutError port49152=TimeoutError
  340 06:12:48  15010       0  応答なし
  341 06:13:03  15009       0  応答なし
  351 06:15:20   2082   12713  
  401 06:27:49    987   12713  
  451 06:40:20   1863   12713  
  501 06:52:49    792   12713  
  551 07:05:20   1746   12713  
  601 07:17:49    694   12713  
  651 07:30:19    497   12713  
  701 07:42:49    668   12713  
  751 07:55:19    385   12713  
  801 08:07:49    518   12713  
  851 08:20:20   1197   12713  
  901 08:32:49    126   12713  
  951 08:45:20    982   12713  

===== 集計 Canon EOS R10 192.168.1.3 =====
  1000回 / 250.1分   失敗 2
  初回の異常: 06:12:42 (開始から 85.0分)
  終了時のカメラ: port8080=OPEN(883ms) port49152=OPEN(13ms)
  CSV: Z:\projects\cameraControl\projects\HolyGrailController\HolyGrailController\50_tools\camera\thumbonly_R10_192.168.1.3.csv
